// Jest Snapshot v1, https://goo.gl/fbAQLP

exports[`Radio renders correctly 1`] = `
Array [
  <input
    checked={true}
    onChange={[Function]}
    type="radio"
    value="b"
  />,
  <input
    checked={false}
    onChange={[Function]}
    type="radio"
    value="c"
  />,
  <input
    checked={false}
    onChange={[Function]}
    type="radio"
    value="d"
  />,
]
`;
