// Jest Snapshot v1, https://goo.gl/fbAQLP

exports[`Select renders correctly 1`] = `
<select
  multiple={null}
  onChange={[Function]}
  value=""
/>
`;
