// Jest Snapshot v1, https://goo.gl/fbAQLP

exports[`Checkbox renders correctly 1`] = `
<input
  checked={true}
  onChange={[Function]}
  type="checkbox"
/>
`;
