// Jest Snapshot v1, https://goo.gl/fbAQLP

exports[`Text renders correctly 1`] = `
<input
  onChange={[Function]}
  type="text"
  value="b"
/>
`;
